// Jest Snapshot v1, https://goo.gl/fbAQLP

exports[`matches snapshot 1`] = `
<DocumentFragment>
  <div
    class="App"
  >
    <div
      class="Calculator"
    >
      <div
        class="DisplayPanel"
        data-testid="DisplayPanel"
      >
        0
      </div>
      <div />
      <div />
      <div />
      <div
        class="Button"
        data-testid="C"
      >
        C
      </div>
      <div
        class="Button"
        data-testid="7"
      >
        7
      </div>
      <div
        class="Button"
        data-testid="8"
      >
        8
      </div>
      <div
        class="Button"
        data-testid="9"
      >
        9
      </div>
      <div
        class="Button"
        data-testid="/"
      >
        รท
      </div>
      <div
        class="Button"
        data-testid="4"
      >
        4
      </div>
      <div
        class="Button"
        data-testid="5"
      >
        5
      </div>
      <div
        class="Button"
        data-testid="6"
      >
        6
      </div>
      <div
        class="Button"
        data-testid="*"
      >
        x
      </div>
      <div
        class="Button"
        data-testid="1"
      >
        1
      </div>
      <div
        class="Button"
        data-testid="2"
      >
        2
      </div>
      <div
        class="Button"
        data-testid="3"
      >
        3
      </div>
      <div
        class="Button"
        data-testid="-"
      >
        -
      </div>
      <div
        class="Button"
        data-testid="0"
      >
        0
      </div>
      <div
        class="Button"
        data-testid="."
      >
        .
      </div>
      <div
        class="Button"
        data-testid="="
      >
        =
      </div>
      <div
        class="Button"
        data-testid="+"
      >
        +
      </div>
    </div>
  </div>
</DocumentFragment>
`;
