// Jest Snapshot v1, https://goo.gl/fbAQLP

exports[`matches snapshot 1`] = `
<DocumentFragment>
  <div
    class="App"
  >
    <div
      class="css-13azwyo ChatStream"
    >
      <div
        class="css-y1c0xs"
      />
    </div>
  </div>
</DocumentFragment>
`;
